// Jest Snapshot v1, https://goo.gl/fbAQLP

exports[`ListScreen renders correctly  1`] = `
<View
  style={
    Object {
      "backgroundColor": "#7E7C7C",
      "flex": 1,
    }
  }
>
  <View
    style={
      Object {
        "alignItems": "center",
        "backgroundColor": "#373636",
        "borderBottomColor": "#f2f2f2",
        "borderBottomWidth": 0.5,
        "flexDirection": "row",
        "height": 64,
        "justifyContent": "space-between",
        "paddingHorizontal": 10,
        "paddingTop": 20,
      }
    }
    testID="headerContainer"
  >
    <View
      style={
        Object {
          "alignItems": "flex-start",
          "flex": 1,
        }
      }
    >
      <Text
        allowFontScaling={false}
        onPress={[Function]}
        style={
          Array [
            Object {
              "color": "white",
              "fontSize": 30,
            },
            undefined,
            Object {
              "fontFamily": "FontAwesome",
              "fontStyle": "normal",
              "fontWeight": "normal",
            },
            Object {},
          ]
        }
      >
        ï€¹
      </Text>
    </View>
    <View
      style={
        Object {
          "alignItems": "center",
          "flex": 3,
        }
      }
    >
      <Text
        style={
          Object {
            "color": "white",
            "fontSize": 16,
          }
        }
      >
        Github Repos
      </Text>
    </View>
    <View
      style={
        Object {
          "alignItems": "flex-end",
          "flex": 1,
        }
      }
    />
  </View>
  <View
    style={
      Object {
        "flex": 1,
        "marginHorizontal": 10,
      }
    }
  >
    <View
      style={
        Object {
          "alignItems": "center",
          "backgroundColor": "white",
          "borderColor": "grey",
          "borderRadius": 5,
          "borderWidth": 1,
          "flexDirection": "row",
          "height": 40,
          "marginTop": 10,
        }
      }
    >
      <Image
        resizeMode="contain"
        source={
          Object {
            "testUri": "../../../app/Resources/search.png",
          }
        }
        style={
          Object {
            "flex": 0.2,
            "height": 20,
            "width": 20,
          }
        }
      />
      <TextInput
        allowFontScaling={true}
        autoFocus={true}
        clearTextOnFocus={false}
        onChangeText={[Function]}
        placeholder="Search here"
        placeholderTextColor="grey"
        rejectResponderTermination={true}
        style={
          Object {
            "backgroundColor": "white",
            "flex": 1,
            "height": 35,
          }
        }
        underlineColorAndroid="transparent"
        value=""
      />
    </View>
    <View
      style={
        Object {
          "alignItems": "center",
          "backgroundColor": "white",
          "flex": 1,
          "marginTop": 200,
        }
      }
    >
      <Text
        style={
          Object {
            "color": "black",
          }
        }
      >
        No Data
      </Text>
    </View>
  </View>
</View>
`;
